-- Test the extension works with CURSORs properly
-- These tests do not require a Kafka instance. They can be run as common tests.
-- start_matchignore
-- m/^NOTICE:  Kafka-ADB: Offset for partition [0-9]* is not known, and is set to default value [0-9]*.*/
-- end_matchignore
-- start_ignore
CREATE EXTENSION IF NOT EXISTS gp_inject_fault;
NOTICE:  extension "gp_inject_fault" already exists, skipping
DROP EXTENSION IF EXISTS kadb_fdw CASCADE;
CREATE EXTENSION kadb_fdw;
CREATE SERVER test_kadb_fdw_distribution_server
FOREIGN DATA WRAPPER kadb_fdw
OPTIONS (
    k_brokers '0.0.0.0:9092',
    format 'avro'
);
-- end_ignore
-- start_ignore
SELECT gp_inject_fault('all', 'reset', dbid)
FROM gp_segment_configuration;
 gp_inject_fault 
-----------------
 Success:
 Success:
 Success:
 Success:
 Success:
 Success:
 Success:
 Success:
(8 rows)

CREATE FOREIGN TABLE test_kadb_fdw_t(i INT, t TEXT)
SERVER test_kadb_fdw_distribution_server
OPTIONS (
    k_topic 'test_topic',
    k_consumer_group 'test_consumer_group',
    k_seg_batch '3',
    k_timeout_ms '1000',
    k_tuples_per_partition_on_inject '2',
    k_initial_offset '40'
);
-- end_ignore
-- Test: Normal operation with data on all segments
-- start_ignore
SELECT gp_inject_fault_infinite('kadb_fdw_inject_tuples', 'skip', dbid)
FROM gp_segment_configuration;
 gp_inject_fault_infinite 
--------------------------
 Success:
 Success:
 Success:
 Success:
 Success:
 Success:
 Success:
 Success:
(8 rows)

SELECT gp_inject_fault_infinite('kadb_fdw_partition_2_per_segment', 'skip', dbid)
FROM gp_segment_configuration;
 gp_inject_fault_infinite 
--------------------------
 Success:
 Success:
 Success:
 Success:
 Success:
 Success:
 Success:
 Success:
(8 rows)

-- end_ignore
BEGIN;
DECLARE curs CURSOR FOR SELECT i, t FROM test_kadb_fdw_t;
FETCH 1 FROM curs;
NOTICE:  Kafka-ADB: Offset for partition 0 is not known, and is set to default value 40  (seg0 slice1 127.0.1.1:6002 pid=51126)
NOTICE:  Kafka-ADB: Offset for partition 1 is not known, and is set to default value 40  (seg0 slice1 127.0.1.1:6002 pid=51126)
NOTICE:  Kafka-ADB: Offset for partition 2 is not known, and is set to default value 40  (seg1 slice1 127.0.1.1:6003 pid=51127)
NOTICE:  Kafka-ADB: Offset for partition 3 is not known, and is set to default value 40  (seg1 slice1 127.0.1.1:6003 pid=51127)
 i  | t 
----+---
 42 | 
(1 row)

FETCH ALL FROM curs;
NOTICE:  Kafka-ADB: Offset for partition 4 is not known, and is set to default value 40  (seg2 slice1 127.0.1.1:6004 pid=51128)
NOTICE:  Kafka-ADB: Offset for partition 5 is not known, and is set to default value 40  (seg2 slice1 127.0.1.1:6004 pid=51128)
 i  | t 
----+---
 42 | 
 42 | 
 42 | 
 42 | 
 42 | 
(5 rows)

COMMIT;
-- start_ignore
SELECT gp_inject_fault('all', 'reset', dbid)
FROM gp_segment_configuration;
 gp_inject_fault 
-----------------
 Success:
 Success:
 Success:
 Success:
 Success:
 Success:
 Success:
 Success:
(8 rows)

-- end_ignore
SELECT prt, off
FROM kadb.offsets
WHERE ftoid = 'test_kadb_fdw_t'::regclass::oid
ORDER BY prt;
 prt | off 
-----+-----
   0 |  42
   1 |  40
   2 |  42
   3 |  40
   4 |  42
   5 |  40
(6 rows)

-- Test: Normal operation with half segments empty
-- start_ignore
SELECT gp_inject_fault_infinite('kadb_fdw_inject_tuples', 'skip', dbid)
FROM gp_segment_configuration;
 gp_inject_fault_infinite 
--------------------------
 Success:
 Success:
 Success:
 Success:
 Success:
 Success:
 Success:
 Success:
(8 rows)

SELECT gp_inject_fault_infinite('kadb_fdw_partition_05_per_segment', 'skip', dbid)
FROM gp_segment_configuration;
 gp_inject_fault_infinite 
--------------------------
 Success:
 Success:
 Success:
 Success:
 Success:
 Success:
 Success:
 Success:
(8 rows)

-- end_ignore
BEGIN;
DECLARE curs CURSOR FOR SELECT i, t FROM test_kadb_fdw_t;
FETCH 1 FROM curs;
 i  | t 
----+---
 42 | 
(1 row)

FETCH ALL FROM curs;
 i  | t 
----+---
 42 | 
(1 row)

COMMIT;
-- start_ignore
SELECT gp_inject_fault('all', 'reset', dbid)
FROM gp_segment_configuration;
 gp_inject_fault 
-----------------
 Success:
 Success:
 Success:
 Success:
 Success:
 Success:
 Success:
 Success:
(8 rows)

-- end_ignore
SELECT prt, off
FROM kadb.offsets
WHERE ftoid = 'test_kadb_fdw_t'::regclass::oid
ORDER BY prt;
 prt | off 
-----+-----
   0 |  44
   1 |  40
   2 |  42
   3 |  40
   4 |  42
   5 |  40
(6 rows)

-- Test: Normal operation with all segments empty
-- start_ignore
SELECT gp_inject_fault_infinite('kadb_fdw_inject_tuples', 'skip', dbid)
FROM gp_segment_configuration;
 gp_inject_fault_infinite 
--------------------------
 Success:
 Success:
 Success:
 Success:
 Success:
 Success:
 Success:
 Success:
(8 rows)

SELECT gp_inject_fault_infinite('kadb_fdw_partition_none', 'skip', dbid)
FROM gp_segment_configuration;
 gp_inject_fault_infinite 
--------------------------
 Success:
 Success:
 Success:
 Success:
 Success:
 Success:
 Success:
 Success:
(8 rows)

-- end_ignore
BEGIN;
DECLARE curs CURSOR FOR SELECT i, t FROM test_kadb_fdw_t;
WARNING:  Kafka-ADB: Found no partitions in topic 'test_topic'
FETCH ALL FROM curs;
 i | t 
---+---
(0 rows)

COMMIT;
-- start_ignore
SELECT gp_inject_fault('all', 'reset', dbid)
FROM gp_segment_configuration;
 gp_inject_fault 
-----------------
 Success:
 Success:
 Success:
 Success:
 Success:
 Success:
 Success:
 Success:
(8 rows)

-- end_ignore
SELECT prt, off
FROM kadb.offsets
WHERE ftoid = 'test_kadb_fdw_t'::regclass::oid
ORDER BY prt;
 prt | off 
-----+-----
   0 |  44
   1 |  40
   2 |  42
   3 |  40
   4 |  42
   5 |  40
(6 rows)

-- Test: ROLLBACK and FETCH
-- start_ignore
SELECT gp_inject_fault_infinite('kadb_fdw_inject_tuples', 'skip', dbid)
FROM gp_segment_configuration;
 gp_inject_fault_infinite 
--------------------------
 Success:
 Success:
 Success:
 Success:
 Success:
 Success:
 Success:
 Success:
(8 rows)

SELECT gp_inject_fault_infinite('kadb_fdw_partition_1_per_segment', 'skip', dbid)
FROM gp_segment_configuration;
 gp_inject_fault_infinite 
--------------------------
 Success:
 Success:
 Success:
 Success:
 Success:
 Success:
 Success:
 Success:
(8 rows)

-- end_ignore
BEGIN;
DECLARE curs CURSOR FOR SELECT i, t FROM test_kadb_fdw_t;
FETCH 1 FROM curs;
 i  | t 
----+---
 42 | 
(1 row)

ROLLBACK;
BEGIN;
DECLARE curs CURSOR FOR SELECT i, t FROM test_kadb_fdw_t;
FETCH ALL FROM curs;
 i  | t 
----+---
 42 | 
 42 | 
 42 | 
 42 | 
 42 | 
 42 | 
(6 rows)

COMMIT;
-- start_ignore
SELECT gp_inject_fault('all', 'reset', dbid)
FROM gp_segment_configuration;
 gp_inject_fault 
-----------------
 Success:
 Success:
 Success:
 Success:
 Success:
 Success:
 Success:
 Success:
(8 rows)

-- end_ignore
SELECT prt, off
FROM kadb.offsets
WHERE ftoid = 'test_kadb_fdw_t'::regclass::oid
ORDER BY prt;
 prt | off 
-----+-----
   0 |  46
   1 |  42
   2 |  44
   3 |  40
   4 |  42
   5 |  40
(6 rows)

-- Test: Offsets are not modified after ROLLBACK
-- start_ignore
SELECT gp_inject_fault_infinite('kadb_fdw_inject_tuples', 'skip', dbid)
FROM gp_segment_configuration;
 gp_inject_fault_infinite 
--------------------------
 Success:
 Success:
 Success:
 Success:
 Success:
 Success:
 Success:
 Success:
(8 rows)

SELECT gp_inject_fault_infinite('kadb_fdw_partition_2_per_segment', 'skip', dbid)
FROM gp_segment_configuration;
 gp_inject_fault_infinite 
--------------------------
 Success:
 Success:
 Success:
 Success:
 Success:
 Success:
 Success:
 Success:
(8 rows)

-- end_ignore
BEGIN;
DECLARE curs CURSOR FOR SELECT i, t FROM test_kadb_fdw_t;
FETCH 1 FROM curs;
 i  | t 
----+---
 42 | 
(1 row)

FETCH ALL FROM curs;
 i  | t 
----+---
 42 | 
 42 | 
 42 | 
 42 | 
 42 | 
(5 rows)

ROLLBACK;
-- start_ignore
SELECT gp_inject_fault('all', 'reset', dbid)
FROM gp_segment_configuration;
 gp_inject_fault 
-----------------
 Success:
 Success:
 Success:
 Success:
 Success:
 Success:
 Success:
 Success:
(8 rows)

-- end_ignore
SELECT prt, off
FROM kadb.offsets
WHERE ftoid = 'test_kadb_fdw_t'::regclass::oid
ORDER BY prt;
 prt | off 
-----+-----
   0 |  46
   1 |  42
   2 |  44
   3 |  40
   4 |  42
   5 |  40
(6 rows)

