-- Test how extension interacts with a working Kafka instance
-- This test REQUIRES a running Kafka instance. See 'kafka_test' directory for
-- instructions on how to setup one
-- start_matchignore
-- m/^NOTICE:  Kafka-ADB: Offset for partition [0-9]* is not known, and is set to default value [0-9]*$/
-- end_matchignore
-- start_ignore
DROP EXTENSION IF EXISTS kadb_fdw CASCADE;
NOTICE:  drop cascades to 2 other objects
DETAIL:  drop cascades to server test_kadb_fdw_distribution_server
drop cascades to foreign table test_kadb_fdw_t
CREATE EXTENSION kadb_fdw;
CREATE SERVER test_kadb_fdw_server
FOREIGN DATA WRAPPER kadb_fdw
OPTIONS (
    k_brokers 'localhost:9092',
    format 'avro'
);
-- end_ignore
-- Test: Multiple partitions, single huge SELECT
-- start_ignore
DROP FOREIGN TABLE IF EXISTS test_kadb_fdw_table;
NOTICE:  foreign table "test_kadb_fdw_table" does not exist, skipping
CREATE FOREIGN TABLE test_kadb_fdw_table(
    id INT,
    gnr TEXT,
    stu TEXT,
    ser TEXT,
    num TEXT,
    iss_by TEXT,
    iss_da INT,
    iss_plc TEXT,
    exp_dat INT,
    det_dat TEXT,
    r_obj INT,
    crt_on INT,
    upd_on INT,
    dsc TEXT NULL,
    iss_id TEXT,
    vrf_stu TEXT,
    vrf_on INT,
    sys_op INT
)
SERVER test_kadb_fdw_server
OPTIONS (
    k_topic 'kadb_fdw_test',
    k_consumer_group 'test_consumer_group',
    k_seg_batch '5',
    k_timeout_ms '2000'
);
-- end_ignore
-- start_ignore
SET client_min_messages = WARNING;
-- end_ignore
SELECT id, gnr, dsc FROM test_kadb_fdw_table ORDER BY id, gnr, dsc;
   id   |          gnr          | dsc 
--------+-----------------------+-----
 251306 | OLD_BIRTH_CERTIFICATE | 
 251306 | OLD_BIRTH_CERTIFICATE | 
 251306 | OLD_BIRTH_CERTIFICATE | 
 251306 | OLD_BIRTH_CERTIFICATE | 
 251306 | OLD_BIRTH_CERTIFICATE | 
 251306 | OLD_BIRTH_CERTIFICATE | 
 251310 | RF_FOREIGNER_ID_DOC   | 
 251310 | RF_FOREIGNER_ID_DOC   | 
 251310 | RF_FOREIGNER_ID_DOC   | 
 251310 | RF_FOREIGNER_ID_DOC   | 
 251310 | RF_FOREIGNER_ID_DOC   | 
 251310 | RF_FOREIGNER_ID_DOC   | 
 251313 | SEAMAN_BOOK           | 
 251313 | SEAMAN_BOOK           | 
 251313 | SEAMAN_BOOK           | 
 251313 | SEAMAN_BOOK           | 
 251313 | SEAMAN_BOOK           | 
 251313 | SEAMAN_BOOK           | 
(18 rows)

SELECT prt, off FROM kadb.offsets WHERE ftoid = 'test_kadb_fdw_table'::regclass::oid ORDER BY prt;
 prt | off 
-----+-----
   0 |   2
   1 |   1
   2 |   0
   3 |   3
(4 rows)

-- start_ignore
RESET client_min_messages;
-- end_ignore
-- Test: Multiple partitions, multiple small SELECTs in a single transaction
-- start_ignore
DROP FOREIGN TABLE IF EXISTS test_kadb_fdw_table;
CREATE FOREIGN TABLE test_kadb_fdw_table(
    id INT,
    gnr TEXT,
    stu TEXT,
    ser TEXT,
    num TEXT,
    iss_by TEXT,
    iss_da INT,
    iss_plc TEXT,
    exp_dat INT,
    det_dat TEXT,
    r_obj INT,
    crt_on INT,
    upd_on INT,
    dsc TEXT NULL,
    iss_id TEXT,
    vrf_stu TEXT,
    vrf_on INT,
    sys_op INT
)
SERVER test_kadb_fdw_server
OPTIONS (
    k_topic 'kadb_fdw_test',
    k_consumer_group 'test_consumer_group',
    k_seg_batch '2',
    k_timeout_ms '2000'
);
-- end_ignore
BEGIN;
-- start_ignore
CREATE TEMPORARY TABLE select_results(id INT, gnr TEXT, dsc TEXT NULL) ON COMMIT DROP DISTRIBUTED RANDOMLY;
INSERT INTO pg_temp.select_results SELECT id, gnr, dsc FROM test_kadb_fdw_table;
NOTICE:  Kafka-ADB: Offset for partition 0 is not known, and is set to default value 0
NOTICE:  Kafka-ADB: Offset for partition 1 is not known, and is set to default value 0
NOTICE:  Kafka-ADB: Offset for partition 2 is not known, and is set to default value 0
NOTICE:  Kafka-ADB: Offset for partition 3 is not known, and is set to default value 0
INSERT INTO pg_temp.select_results SELECT id, gnr, dsc FROM test_kadb_fdw_table;
INSERT INTO pg_temp.select_results SELECT id, gnr, dsc FROM test_kadb_fdw_table;
-- end_ignore
SELECT id, gnr, dsc FROM pg_temp.select_results ORDER BY id, gnr, dsc;
   id   |          gnr          | dsc 
--------+-----------------------+-----
 251306 | OLD_BIRTH_CERTIFICATE | 
 251306 | OLD_BIRTH_CERTIFICATE | 
 251306 | OLD_BIRTH_CERTIFICATE | 
 251306 | OLD_BIRTH_CERTIFICATE | 
 251306 | OLD_BIRTH_CERTIFICATE | 
 251306 | OLD_BIRTH_CERTIFICATE | 
 251310 | RF_FOREIGNER_ID_DOC   | 
 251310 | RF_FOREIGNER_ID_DOC   | 
 251310 | RF_FOREIGNER_ID_DOC   | 
 251310 | RF_FOREIGNER_ID_DOC   | 
 251310 | RF_FOREIGNER_ID_DOC   | 
 251310 | RF_FOREIGNER_ID_DOC   | 
 251313 | SEAMAN_BOOK           | 
 251313 | SEAMAN_BOOK           | 
 251313 | SEAMAN_BOOK           | 
 251313 | SEAMAN_BOOK           | 
 251313 | SEAMAN_BOOK           | 
 251313 | SEAMAN_BOOK           | 
(18 rows)

SELECT prt, off FROM kadb.offsets WHERE ftoid = 'test_kadb_fdw_table'::regclass::oid ORDER BY prt;
 prt | off 
-----+-----
   0 |   2
   1 |   1
   2 |   0
   3 |   3
(4 rows)

COMMIT;
SELECT prt, off FROM kadb.offsets WHERE ftoid = 'test_kadb_fdw_table'::regclass::oid ORDER BY prt;
 prt | off 
-----+-----
   0 |   2
   1 |   1
   2 |   0
   3 |   3
(4 rows)

-- Test: A topic with a single partition
-- start_ignore
DROP FOREIGN TABLE IF EXISTS test_kadb_fdw_table;
CREATE FOREIGN TABLE test_kadb_fdw_table(
    id INT,
    gnr TEXT,
    stu TEXT,
    ser TEXT,
    num TEXT,
    iss_by TEXT,
    iss_da INT,
    iss_plc TEXT,
    exp_dat INT,
    det_dat TEXT,
    r_obj INT,
    crt_on INT,
    upd_on INT,
    dsc TEXT NULL,
    iss_id TEXT,
    vrf_stu TEXT,
    vrf_on INT,
    sys_op INT
)
SERVER test_kadb_fdw_server
OPTIONS (
    k_topic 'kadb_fdw_test_single_partition',
    k_consumer_group 'test_consumer_group',
    k_seg_batch '3',
    k_timeout_ms '2000'
);
-- end_ignore
SELECT id, gnr, dsc FROM test_kadb_fdw_table ORDER BY id, gnr, dsc;
NOTICE:  Kafka-ADB: Offset for partition 0 is not known, and is set to default value 0
   id   |          gnr          | dsc 
--------+-----------------------+-----
 251306 | OLD_BIRTH_CERTIFICATE | 
 251306 | OLD_BIRTH_CERTIFICATE | 
 251306 | OLD_BIRTH_CERTIFICATE | 
 251310 | RF_FOREIGNER_ID_DOC   | 
 251310 | RF_FOREIGNER_ID_DOC   | 
 251310 | RF_FOREIGNER_ID_DOC   | 
 251313 | SEAMAN_BOOK           | 
 251313 | SEAMAN_BOOK           | 
 251313 | SEAMAN_BOOK           | 
(9 rows)

SELECT prt, off FROM kadb.offsets WHERE ftoid = 'test_kadb_fdw_table'::regclass::oid ORDER BY prt;
 prt | off 
-----+-----
   0 |   3
(1 row)

SELECT id, gnr, dsc FROM test_kadb_fdw_table ORDER BY id, gnr, dsc;
   id   |          gnr          | dsc 
--------+-----------------------+-----
 251306 | OLD_BIRTH_CERTIFICATE | 
 251310 | RF_FOREIGNER_ID_DOC   | 
 251313 | SEAMAN_BOOK           | 
(3 rows)

SELECT prt, off FROM kadb.offsets WHERE ftoid = 'test_kadb_fdw_table'::regclass::oid ORDER BY prt;
 prt | off 
-----+-----
   0 |   4
(1 row)

SELECT id, gnr, dsc FROM test_kadb_fdw_table ORDER BY id, gnr, dsc;
 id | gnr | dsc 
----+-----+-----
(0 rows)

SELECT prt, off FROM kadb.offsets WHERE ftoid = 'test_kadb_fdw_table'::regclass::oid ORDER BY prt;
 prt | off 
-----+-----
   0 |   4
(1 row)

-- Test: An empty topic
-- start_ignore
DROP FOREIGN TABLE IF EXISTS test_kadb_fdw_table;
CREATE FOREIGN TABLE test_kadb_fdw_table(
    id INT,
    gnr TEXT,
    stu TEXT,
    ser TEXT,
    num TEXT,
    iss_by TEXT,
    iss_da INT,
    iss_plc TEXT,
    exp_dat INT,
    det_dat TEXT,
    r_obj INT,
    crt_on INT,
    upd_on INT,
    dsc TEXT NULL,
    iss_id TEXT,
    vrf_stu TEXT,
    vrf_on INT,
    sys_op INT
)
SERVER test_kadb_fdw_server
OPTIONS (
    k_topic 'kadb_fdw_test_empty',
    k_consumer_group 'test_consumer_group',
    k_seg_batch '1',
    k_timeout_ms '2000'
);
-- end_ignore
SELECT id, gnr, dsc FROM test_kadb_fdw_table ORDER BY id, gnr, dsc;
NOTICE:  Kafka-ADB: Offset for partition 0 is not known, and is set to default value 0
NOTICE:  Kafka-ADB: Failed to consume the oldest message from partition 0 due to timeout. It is considered empty, offsets are not validated  (seg0 slice1 127.0.1.1:6002 pid=17477)
 id | gnr | dsc 
----+-----+-----
(0 rows)

SELECT prt, off FROM kadb.offsets WHERE ftoid = 'test_kadb_fdw_table'::regclass::oid ORDER BY prt;
 prt | off 
-----+-----
   0 |   0
(1 row)

SELECT id, gnr, dsc FROM test_kadb_fdw_table ORDER BY id, gnr, dsc;
NOTICE:  Kafka-ADB: Failed to consume the oldest message from partition 0 due to timeout. It is considered empty, offsets are not validated  (seg0 slice1 127.0.1.1:6002 pid=17477)
 id | gnr | dsc 
----+-----+-----
(0 rows)

SELECT prt, off FROM kadb.offsets WHERE ftoid = 'test_kadb_fdw_table'::regclass::oid ORDER BY prt;
 prt | off 
-----+-----
   0 |   0
(1 row)

-- Test: A server that is not available
-- start_ignore
CREATE SERVER test_kadb_fdw_server_not_exists
FOREIGN DATA WRAPPER kadb_fdw
OPTIONS (
    k_brokers 'localhost:0',
    format 'avro'
);
CREATE FOREIGN TABLE test_kadb_fdw_table_server_not_exists(
    i INT
)
SERVER test_kadb_fdw_server_not_exists
OPTIONS (
    k_topic 'kadb_fdw_test',
    k_consumer_group 'test_consumer_group',
    k_seg_batch '2',
    k_timeout_ms '2000'
);
-- end_ignore
SELECT i FROM test_kadb_fdw_table_server_not_exists;
ERROR:  Kafka-ADB: Failed to retrieve metadata for topic 'kadb_fdw_test': Local: Broker transport failure [-195] (kafka_consumer.c:501)
